floor plain c1 vs c32                    div 167/320  per1k 3.42  {'tie': 151, 'near': 2, 'one_ulp': 14}  drift_max 0.686  lenmis 0
mtp_s3 stock verify radix-off vs plain c1 div 186/320  per1k 4.40  {'tie': 169, 'near': 3, 'one_ulp': 14}  drift_max 0.468  lenmis 0
mtp_s3 buffered verify radix-off vs plain c1 div 183/320  per1k 4.20  {'tie': 166, 'one_ulp': 15, 'near': 2}  drift_max 0.468  lenmis 0
mtp_s3 buffered verify radix-off triton vs plain c1 div 174/320  per1k 3.80  {'tie': 162, 'near': 5, 'one_ulp': 7}  drift_max 0.765  lenmis 0
plain buffered decode radix-off vs plain c1 div 175/320  per1k 3.86  {'tie': 160, 'one_ulp': 13, 'large': 1, 'near': 1}  drift_max 0.476  lenmis 0
plain radix-off triton vs plain c1       div 179/320  per1k 4.09  {'tie': 170, 'one_ulp': 7, 'near': 2}  drift_max 0.990  lenmis 0
dflash b16 radix-off triton vs plain c1  div 176/320  per1k 3.94  {'tie': 167, 'one_ulp': 7, 'near': 2}  drift_max 0.683  lenmis 0
dflash b16 radix-off triton gdn-verify-triton vs plain c1 div 176/320  per1k 3.94  {'tie': 167, 'one_ulp': 7, 'near': 2}  drift_max 0.683  lenmis 0
mtp_s3 buffered vs stock verify radix-off c1 div 171/320  per1k 3.79  {'tie': 161, 'near': 2, 'one_ulp': 8}  drift_max 0.617  lenmis 0
mtp_s3 buffered triton vs stock verify radix-off c1 div 179/320  per1k 4.05  {'tie': 169, 'one_ulp': 8, 'near': 2}  drift_max 0.481  lenmis 0
dflash b16 stock radix-off vs plain c1   div 186/320  per1k 4.38  {'tie': 174, 'one_ulp': 9, 'near': 3}  drift_max 0.469  lenmis 0
plain radix-off vs plain c1              div  96/320  per1k 1.69  {'tie': 88, 'one_ulp': 6, 'near': 2}  drift_max 0.467  lenmis 0
plain radix-off triton vs plain radix-off c1 div 176/320  per1k 3.89  {'tie': 167, 'one_ulp': 6, 'near': 3}  drift_max 0.526  lenmis 0
plain buffered decode vs plain radix-off c1 div 163/320  per1k 3.41  {'tie': 160, 'one_ulp': 3}  drift_max 0.476  lenmis 0
mtp_s3 stock verify vs plain radix-off c1 div 177/320  per1k 3.95  {'tie': 169, 'near': 2, 'one_ulp': 6}  drift_max 0.415  lenmis 0
mtp_s3 buffered verify vs plain radix-off c1 div 172/320  per1k 3.71  {'tie': 159, 'one_ulp': 13}  drift_max 0.430  lenmis 0
mtp_s3 buffered verify triton vs plain radix-off c1 div 172/320  per1k 3.66  {'tie': 161, 'near': 3, 'one_ulp': 8}  drift_max 0.481  lenmis 0
dflash b16 stock vs plain radix-off c1   div 177/320  per1k 3.92  {'tie': 172, 'one_ulp': 5}  drift_max 0.426  lenmis 0
dflash b16 triton vs plain radix-off c1  div 183/320  per1k 4.15  {'tie': 172, 'one_ulp': 9, 'near': 2}  drift_max 0.481  lenmis 0
dflash b16 triton vs stock dflash b16 radix-off c1 div 173/320  per1k 3.82  {'tie': 161, 'one_ulp': 11, 'near': 1}  drift_max 0.481  lenmis 0
dflash b16 triton gdn-verify-triton vs stock dflash b16 radix-off c1 div 173/320  per1k 3.82  {'tie': 161, 'one_ulp': 11, 'near': 1}  drift_max 0.481  lenmis 0
