probe4 start 2026-10-02T20:44:10+00:00 repo 09b6dc48783e622d02467a4cb75706ef1954fe76 engine d8d930806a724ad27f772f2eb1c3ca729ac8f821 engine_dirty=0
/home/ubuntu/vp-data/speed-lowc/probe3-20261002T194252Z: passed
/home/ubuntu/vp-data/speed-lowc/probe4-20261002T204410Z (microbenchmark): passed
== L-B 2026-10-02T20:44:53+00:00
r0 c=  1 ok=64/64 x= 1011.6 tok/s/user y=   893.4 tok/s ttft_p50=   38.0 ms accept=5.650 osl_mismatch=0 foreign_cpu=0.82
r0 c=  4 ok=64/64 x=  735.8 tok/s/user y=  2517.7 tok/s ttft_p50=   44.3 ms accept=5.709 osl_mismatch=0 foreign_cpu=1.73
exit 0 2026-10-02T20:47:19+00:00
== L-BC 2026-10-02T20:47:19+00:00
r0 c=  1 ok=64/64 x= 1050.4 tok/s/user y=   932.1 tok/s ttft_p50=   40.9 ms accept=5.725 osl_mismatch=0 foreign_cpu=2.14
r0 c=  4 ok=64/64 x=  765.2 tok/s/user y=  2612.9 tok/s ttft_p50=   45.9 ms accept=5.745 osl_mismatch=0 foreign_cpu=0.66
exit 0 2026-10-02T20:49:39+00:00
== L-B 2026-10-02T20:49:39+00:00
r0 c=  1 ok=64/64 x= 1010.2 tok/s/user y=   892.6 tok/s ttft_p50=   39.2 ms accept=5.650 osl_mismatch=0 foreign_cpu=1.34
r0 c=  4 ok=64/64 x=  732.9 tok/s/user y=  2508.6 tok/s ttft_p50=   45.2 ms accept=5.709 osl_mismatch=0 foreign_cpu=0.77
exit 0 2026-10-02T20:52:00+00:00
== H-B0 2026-10-02T20:52:00+00:00
r0 c=  8 ok=64/64 x=  516.0 tok/s/user y=  3627.7 tok/s ttft_p50=   44.1 ms accept=4.730 osl_mismatch=0 foreign_cpu=0.88
r0 c= 32 ok=256/256 x=  236.1 tok/s/user y=  6755.8 tok/s ttft_p50=   59.9 ms accept=4.740 osl_mismatch=0 foreign_cpu=0.82
exit 0 2026-10-02T20:54:07+00:00
== H-C 2026-10-02T20:54:07+00:00
r0 c=  8 ok=64/64 x=  553.5 tok/s/user y=  3909.2 tok/s ttft_p50=   46.6 ms accept=4.789 osl_mismatch=0 foreign_cpu=0.66
r0 c= 32 ok=256/256 x=  243.0 tok/s/user y=  6971.5 tok/s ttft_p50=   66.5 ms accept=4.749 osl_mismatch=0 foreign_cpu=0.83
exit 0 2026-10-02T20:56:11+00:00
== H-B0 2026-10-02T20:56:11+00:00
r0 c=  8 ok=64/64 x=  515.1 tok/s/user y=  3621.5 tok/s ttft_p50=   44.1 ms accept=4.730 osl_mismatch=0 foreign_cpu=0.63
r0 c= 32 ok=256/256 x=  237.5 tok/s/user y=  6839.9 tok/s ttft_p50=   58.4 ms accept=4.726 osl_mismatch=0 foreign_cpu=0.97
exit 0 2026-10-02T20:58:15+00:00
probe4 end 2026-10-02T20:58:15+00:00 failed: none
