test_distinct_fp32_values_share_a_bf16_cell (__main__.Contracts.test_distinct_fp32_values_share_a_bf16_cell) ... ok
test_equal_quality_different_outputs (__main__.Contracts.test_equal_quality_different_outputs) ... ok
test_reassociation_flips_a_greedy_winner (__main__.Contracts.test_reassociation_flips_a_greedy_winner) ... ok
test_regrouped_gdn_recurrence_changes_outputs (__main__.Contracts.test_regrouped_gdn_recurrence_changes_outputs) ... ok
test_same_argmax_different_law (__main__.Contracts.test_same_argmax_different_law) ... ok
test_same_law_different_seeded_tokens (__main__.Contracts.test_same_law_different_seeded_tokens) ... ok
test_transition_norm_and_error_growth (__main__.Contracts.test_transition_norm_and_error_growth) ... ok

----------------------------------------------------------------------
Ran 7 tests in 0.036s

OK
{
  "status": "pass",
  "methods": 7,
  "witnesses": {
    "bf16_cell": {
      "fp32": [
        1.0,
        1.0009765625
      ],
      "bf16": 1.0
    },
    "equal_quality_different_outputs": {
      "accuracy_x": "1/2",
      "accuracy_y": "1/2",
      "problems_with_different_answers": 4,
      "discordant_pairs_x_only_y_only": [
        2,
        2
      ]
    },
    "reassociation_flips_greedy": {
      "sequential_logits": [
        1.0,
        1.0
      ],
      "regrouped_logits": [
        1.0,
        1.0000001192092896
      ],
      "sequential_token": 0,
      "regrouped_token": 1
    },
    "regrouped_gdn_outputs": {
      "outputs": 1600,
      "differ_fp32": 1481,
      "differ_after_bf16": 2,
      "steps": 50,
      "dim": 32,
      "seed": 7
    },
    "same_argmax_different_law": {
      "law_1_0": [
        "2/3",
        "1/3"
      ],
      "law_2_0": [
        "4/5",
        "1/5"
      ]
    },
    "same_law_different_seeded_tokens": {
      "uniform": "1/4",
      "token_order_01": 0,
      "token_order_10": 1
    },
    "transition_norm_by_beta": {
      "1/2": "1",
      "2": "1",
      "5/2": "3/2"
    }
  },
  "seconds": 0.036,
  "repo_commit": "25278b6cb149799596118f6b818c0dc81b693a24",
  "numpy": "2.3.5",
  "python": "3.13.15",
  "scope": "exact and float32 witnesses separating the contracts; not model measurements"
}
