[
  {
    "family": "clustered",
    "drift": 0,
    "cases": 36,
    "vocabulary": 128,
    "dimension": 8,
    "tile": 16,
    "greedy_projected_fraction": 0.13194444444444445,
    "accept_projected_fraction": 0.0078125,
    "retained_accept_projected_fraction": 0.06705729166666667,
    "initially_resolved_fraction": 1.0,
    "acceptance_fraction": 1.0,
    "decision_plus_residual_projected_fraction": 0.0078125
  },
  {
    "family": "clustered",
    "drift": 1,
    "cases": 36,
    "vocabulary": 128,
    "dimension": 8,
    "tile": 16,
    "greedy_projected_fraction": 0.4034288194444444,
    "accept_projected_fraction": 0.21875,
    "retained_accept_projected_fraction": 0.2348090277777778,
    "initially_resolved_fraction": 0.05555555555555555,
    "acceptance_fraction": 0.3611111111111111,
    "decision_plus_residual_projected_fraction": 0.767578125
  },
  {
    "family": "clustered",
    "drift": 2,
    "cases": 36,
    "vocabulary": 128,
    "dimension": 8,
    "tile": 16,
    "greedy_projected_fraction": 0.4876302083333333,
    "accept_projected_fraction": 0.1996527777777778,
    "retained_accept_projected_fraction": 0.18663194444444445,
    "initially_resolved_fraction": 0.1388888888888889,
    "acceptance_fraction": 0.2222222222222222,
    "decision_plus_residual_projected_fraction": 0.8891059027777778
  },
  {
    "family": "clustered",
    "drift": 4,
    "cases": 36,
    "vocabulary": 128,
    "dimension": 8,
    "tile": 16,
    "greedy_projected_fraction": 0.5128038194444444,
    "accept_projected_fraction": 0.11436631944444445,
    "retained_accept_projected_fraction": 0.10243055555555555,
    "initially_resolved_fraction": 0.2777777777777778,
    "acceptance_fraction": 0.05555555555555555,
    "decision_plus_residual_projected_fraction": 0.9654947916666666
  },
  {
    "family": "unstructured",
    "drift": 0,
    "cases": 36,
    "vocabulary": 128,
    "dimension": 8,
    "tile": 16,
    "greedy_projected_fraction": 0.1388888888888889,
    "accept_projected_fraction": 0.0078125,
    "retained_accept_projected_fraction": 0.06293402777777778,
    "initially_resolved_fraction": 1.0,
    "acceptance_fraction": 1.0,
    "decision_plus_residual_projected_fraction": 0.0078125
  },
  {
    "family": "unstructured",
    "drift": 1,
    "cases": 36,
    "vocabulary": 128,
    "dimension": 8,
    "tile": 16,
    "greedy_projected_fraction": 0.9965277777777778,
    "accept_projected_fraction": 0.6399739583333334,
    "retained_accept_projected_fraction": 0.5249565972222222,
    "initially_resolved_fraction": 0.0,
    "acceptance_fraction": 0.5,
    "decision_plus_residual_projected_fraction": 0.9861111111111112
  },
  {
    "family": "unstructured",
    "drift": 2,
    "cases": 36,
    "vocabulary": 128,
    "dimension": 8,
    "tile": 16,
    "greedy_projected_fraction": 1.0,
    "accept_projected_fraction": 0.3956163194444444,
    "retained_accept_projected_fraction": 0.3070746527777778,
    "initially_resolved_fraction": 0.0,
    "acceptance_fraction": 0.19444444444444445,
    "decision_plus_residual_projected_fraction": 1.0
  },
  {
    "family": "unstructured",
    "drift": 4,
    "cases": 36,
    "vocabulary": 128,
    "dimension": 8,
    "tile": 16,
    "greedy_projected_fraction": 1.0,
    "accept_projected_fraction": 0.22395833333333334,
    "retained_accept_projected_fraction": 0.1605902777777778,
    "initially_resolved_fraction": 0.0,
    "acceptance_fraction": 0.05555555555555555,
    "decision_plus_residual_projected_fraction": 1.0
  }
]

--- stderr ---
