gate /home/ubuntu/vp-data/speed-lowc/confirm/current/gate.json ok ABC
session s1 start 2026-10-02T23:22:41+00:00 repo 9a7d52a70542551fc061bf385dbe043dcf794aed engine dd57a50a59a729dba0a5a8449acc80795901bb4c levers=ABC groups=L H
group L arm dflash-tuned-b16 order S0 ABC A B C ABC S0 c=1 2 4
=== L S0 2026-10-02T23:22:41+00:00 --arm dflash-tuned-b16
r0 c=  1 ok=64/64 x=  979.5 tok/s/user y=   867.9 tok/s ttft_p50=   40.5 ms accept=5.701 osl_mismatch=0 foreign_cpu=2.49
r0 c=  2 ok=64/64 x=  871.0 tok/s/user y=  1501.0 tok/s ttft_p50=   45.0 ms accept=5.693 osl_mismatch=0 foreign_cpu=0.58
r0 c=  4 ok=64/64 x=  706.3 tok/s/user y=  2411.6 tok/s ttft_p50=   47.1 ms accept=5.682 osl_mismatch=0 foreign_cpu=0.53
exit 0 2026-10-02T23:25:38+00:00
=== L ABC 2026-10-02T23:25:38+00:00 --arm dflash-tuned-b16 --sglang-worktree /home/ubuntu/sglang-wt/speed-lowc-confirm --set enable-linear-replayssm-spec=true --env SGLANG_GDN_REPLAYSSM_FOLD=1 --set speculative-draft-attention-backend=fa4 --set attention-backend=fa4
r0 c=  1 ok=64/64 x= 1077.4 tok/s/user y=   957.0 tok/s ttft_p50=   38.8 ms accept=5.725 osl_mismatch=0 foreign_cpu=0.35
r0 c=  2 ok=64/64 x=  950.4 tok/s/user y=  1651.0 tok/s ttft_p50=   43.4 ms accept=5.725 osl_mismatch=0 foreign_cpu=0.49
r0 c=  4 ok=64/64 x=  773.8 tok/s/user y=  2644.3 tok/s ttft_p50=   45.4 ms accept=5.745 osl_mismatch=0 foreign_cpu=0.39
exit 0 2026-10-02T23:28:27+00:00
=== L A 2026-10-02T23:28:27+00:00 --arm dflash-tuned-b16 --sglang-worktree /home/ubuntu/sglang-wt/speed-lowc-confirm --set enable-linear-replayssm-spec=true --env SGLANG_GDN_REPLAYSSM_FOLD=1
r0 c=  1 ok=64/64 x= 1001.7 tok/s/user y=   888.1 tok/s ttft_p50=   39.8 ms accept=5.701 osl_mismatch=0 foreign_cpu=0.39
r0 c=  2 ok=64/64 x=  886.5 tok/s/user y=  1528.8 tok/s ttft_p50=   44.2 ms accept=5.693 osl_mismatch=0 foreign_cpu=0.29
r0 c=  4 ok=64/64 x=  714.4 tok/s/user y=  2441.0 tok/s ttft_p50=   46.4 ms accept=5.682 osl_mismatch=0 foreign_cpu=0.46
exit 0 2026-10-02T23:31:21+00:00
=== L B 2026-10-02T23:31:21+00:00 --arm dflash-tuned-b16 --sglang-worktree /home/ubuntu/sglang-wt/speed-lowc-confirm --set speculative-draft-attention-backend=fa4
r0 c=  1 ok=64/64 x= 1013.5 tok/s/user y=   895.4 tok/s ttft_p50=   37.6 ms accept=5.650 osl_mismatch=0 foreign_cpu=0.72
r0 c=  2 ok=64/64 x=  899.0 tok/s/user y=  1550.2 tok/s ttft_p50=   42.1 ms accept=5.650 osl_mismatch=0 foreign_cpu=0.69
r0 c=  4 ok=64/64 x=  737.5 tok/s/user y=  2522.9 tok/s ttft_p50=   43.8 ms accept=5.709 osl_mismatch=0 foreign_cpu=0.5
exit 0 2026-10-02T23:34:14+00:00
=== L C 2026-10-02T23:34:14+00:00 --arm dflash-tuned-b16 --set speculative-draft-attention-backend=triton --sglang-worktree /home/ubuntu/sglang-wt/speed-lowc-confirm --set attention-backend=fa4
r0 c=  1 ok=64/64 x= 1014.3 tok/s/user y=   900.1 tok/s ttft_p50=   40.2 ms accept=5.722 osl_mismatch=0 foreign_cpu=0.67
r0 c=  2 ok=64/64 x=  905.6 tok/s/user y=  1569.9 tok/s ttft_p50=   43.5 ms accept=5.722 osl_mismatch=0 foreign_cpu=0.53
r0 c=  4 ok=64/64 x=  743.6 tok/s/user y=  2549.3 tok/s ttft_p50=   45.5 ms accept=5.767 osl_mismatch=0 foreign_cpu=0.36
exit 0 2026-10-02T23:37:04+00:00
=== L ABC 2026-10-02T23:37:04+00:00 --arm dflash-tuned-b16 --sglang-worktree /home/ubuntu/sglang-wt/speed-lowc-confirm --set enable-linear-replayssm-spec=true --env SGLANG_GDN_REPLAYSSM_FOLD=1 --set speculative-draft-attention-backend=fa4 --set attention-backend=fa4
r0 c=  1 ok=64/64 x= 1075.6 tok/s/user y=   955.9 tok/s ttft_p50=   39.3 ms accept=5.725 osl_mismatch=0 foreign_cpu=0.42
r0 c=  2 ok=64/64 x=  953.1 tok/s/user y=  1655.7 tok/s ttft_p50=   42.8 ms accept=5.725 osl_mismatch=0 foreign_cpu=0.35
r0 c=  4 ok=64/64 x=  775.7 tok/s/user y=  2650.6 tok/s ttft_p50=   44.7 ms accept=5.745 osl_mismatch=0 foreign_cpu=0.28
exit 0 2026-10-02T23:39:52+00:00
=== L S0 2026-10-02T23:39:52+00:00 --arm dflash-tuned-b16
r0 c=  1 ok=64/64 x=  980.1 tok/s/user y=   868.0 tok/s ttft_p50=   40.4 ms accept=5.701 osl_mismatch=0 foreign_cpu=0.68
r0 c=  2 ok=64/64 x=  871.6 tok/s/user y=  1501.7 tok/s ttft_p50=   44.6 ms accept=5.693 osl_mismatch=0 foreign_cpu=0.42
r0 c=  4 ok=64/64 x=  708.6 tok/s/user y=  2419.0 tok/s ttft_p50=   46.5 ms accept=5.682 osl_mismatch=0 foreign_cpu=0.28
exit 0 2026-10-02T23:42:48+00:00
group H arm dflash-tuned order S0 AC A C AC S0 c=8 16 32
=== H S0 2026-10-02T23:42:48+00:00 --arm dflash-tuned
r0 c=  8 ok=64/64 x=  517.8 tok/s/user y=  3641.0 tok/s ttft_p50=   43.7 ms accept=4.730 osl_mismatch=0 foreign_cpu=0.3
r0 c= 16 ok=128/128 x=  374.2 tok/s/user y=  5316.8 tok/s ttft_p50=   47.1 ms accept=4.671 osl_mismatch=0 foreign_cpu=0.39
r0 c= 32 ok=256/256 x=  238.9 tok/s/user y=  6866.5 tok/s ttft_p50=   57.0 ms accept=4.718 osl_mismatch=0 foreign_cpu=1.02
exit 0 2026-10-02T23:45:13+00:00
=== H AC 2026-10-02T23:45:13+00:00 --arm dflash-tuned --sglang-worktree /home/ubuntu/sglang-wt/speed-lowc-confirm --set enable-linear-replayssm-spec=true --env SGLANG_GDN_REPLAYSSM_FOLD=1 --set attention-backend=fa4
r0 c=  8 ok=64/64 x=  579.5 tok/s/user y=  4100.9 tok/s ttft_p50=   45.4 ms accept=4.789 osl_mismatch=0 foreign_cpu=0.42
r0 c= 16 ok=128/128 x=  418.0 tok/s/user y=  5919.9 tok/s ttft_p50=   49.0 ms accept=4.727 osl_mismatch=0 foreign_cpu=0.4
r0 c= 32 ok=256/256 x=  270.0 tok/s/user y=  7717.5 tok/s ttft_p50=   61.2 ms accept=4.719 osl_mismatch=0 foreign_cpu=0.55
exit 0 2026-10-02T23:47:35+00:00
=== H A 2026-10-02T23:47:35+00:00 --arm dflash-tuned --sglang-worktree /home/ubuntu/sglang-wt/speed-lowc-confirm --set enable-linear-replayssm-spec=true --env SGLANG_GDN_REPLAYSSM_FOLD=1
r0 c=  8 ok=64/64 x=  544.6 tok/s/user y=  3821.3 tok/s ttft_p50=   42.6 ms accept=4.730 osl_mismatch=0 foreign_cpu=0.36
r0 c= 16 ok=128/128 x=  401.5 tok/s/user y=  5690.2 tok/s ttft_p50=   45.5 ms accept=4.671 osl_mismatch=0 foreign_cpu=0.35
r0 c= 32 ok=256/256 x=  264.4 tok/s/user y=  7609.7 tok/s ttft_p50=   53.1 ms accept=4.738 osl_mismatch=0 foreign_cpu=0.49
exit 0 2026-10-02T23:49:51+00:00
=== H C 2026-10-02T23:49:51+00:00 --arm dflash-tuned --sglang-worktree /home/ubuntu/sglang-wt/speed-lowc-confirm --set attention-backend=fa4
r0 c=  8 ok=64/64 x=  555.7 tok/s/user y=  3923.5 tok/s ttft_p50=   46.3 ms accept=4.789 osl_mismatch=0 foreign_cpu=0.28
r0 c= 16 ok=128/128 x=  389.7 tok/s/user y=  5529.5 tok/s ttft_p50=   50.4 ms accept=4.727 osl_mismatch=0 foreign_cpu=0.29
r0 c= 32 ok=256/256 x=  244.9 tok/s/user y=  7022.0 tok/s ttft_p50=   59.9 ms accept=4.735 osl_mismatch=0 foreign_cpu=0.73
exit 0 2026-10-02T23:52:16+00:00
=== H AC 2026-10-02T23:52:16+00:00 --arm dflash-tuned --sglang-worktree /home/ubuntu/sglang-wt/speed-lowc-confirm --set enable-linear-replayssm-spec=true --env SGLANG_GDN_REPLAYSSM_FOLD=1 --set attention-backend=fa4
r0 c=  8 ok=64/64 x=  589.7 tok/s/user y=  4156.9 tok/s ttft_p50=   44.4 ms accept=4.789 osl_mismatch=0 foreign_cpu=0.28
r0 c= 16 ok=128/128 x=  420.1 tok/s/user y=  5947.8 tok/s ttft_p50=   48.5 ms accept=4.727 osl_mismatch=0 foreign_cpu=0.52
r0 c= 32 ok=256/256 x=  270.2 tok/s/user y=  7729.9 tok/s ttft_p50=   66.4 ms accept=4.751 osl_mismatch=0 foreign_cpu=1.1
exit 0 2026-10-02T23:54:34+00:00
=== H S0 2026-10-02T23:54:34+00:00 --arm dflash-tuned
r0 c=  8 ok=64/64 x=  519.4 tok/s/user y=  3650.8 tok/s ttft_p50=   43.2 ms accept=4.730 osl_mismatch=0 foreign_cpu=0.23
r0 c= 16 ok=128/128 x=  370.1 tok/s/user y=  5256.7 tok/s ttft_p50=   48.2 ms accept=4.665 osl_mismatch=0 foreign_cpu=0.31
r0 c= 32 ok=256/256 x=  238.8 tok/s/user y=  6863.5 tok/s ttft_p50=   58.0 ms accept=4.734 osl_mismatch=0 foreign_cpu=0.53
exit 0 2026-10-02T23:56:59+00:00
session s1 end 2026-10-02T23:56:59+00:00 failed: none
